<?xml version="1.0" encoding="UTF-8"?>
<TestRun id="b157644b-5b2a-4e65-bf7c-11206e6764cb" name="Javier@ICINETICJHB 2014-04-21 23:10:18" runUser="ICINETICJHB\Javier" xmlns="http://microsoft.com/schemas/VisualStudio/TeamTest/2010">
  <TestSettings name="Local" id="4178bfa7-869c-4013-9eae-b770f521a560">
    <Description>These are default test settings for a local test run.</Description>
    <Deployment enabled="false" runDeploymentRoot="Javier_ICINETICJHB 2014-04-21 23_10_18">
      <DeploymentItem filename="D:\IDev\Inflexion2\01-Framework\Proyectos\Asemblies\Debug\Inflexion2.dll" />
    </Deployment>
    <Execution>
      <TestTypeSpecific />
      <AgentRule name="Execution Agents">
      </AgentRule>
    </Execution>
  </TestSettings>
  <Times creation="2014-04-21T23:10:18.7613596+02:00" queuing="2014-04-21T23:10:20.9011623+02:00" start="2014-04-21T23:10:21.0151695+02:00" finish="2014-04-21T23:10:21.3981904+02:00" />
  <ResultSummary outcome="Completed">
    <Counters total="1" executed="1" passed="1" error="0" failed="0" timeout="0" aborted="0" inconclusive="0" passedButRunAborted="0" notRunnable="0" notExecuted="0" disconnected="0" warning="0" completed="0" inProgress="0" pending="0" />
  </ResultSummary>
  <TestDefinitions>
    <UnitTest name="TestMethod1" storage="d:\idev\inflexion2\03-testing\inflexion2.framework.testing\bin\debug\inflexion2.framework.testing.dll" id="ad63a5e7-2d1f-83a1-b231-28a3cac58048">
      <Execution id="3c72d132-82c9-45be-a08c-aaac2df82f18" />
      <TestMethod codeBase="D:/IDev/Inflexion2/03-Testing/Inflexion2.Framework.Testing/bin/Debug/Inflexion2.Framework.Testing.DLL" adapterTypeName="Microsoft.VisualStudio.TestTools.TestTypes.Unit.UnitTestAdapter, Microsoft.VisualStudio.QualityTools.Tips.UnitTest.Adapter, Version=10.0.0.0, Culture=neutral, PublicKeyToken=b03f5f7f11d50a3a" className="Inflexion2.Framework.Testing.EntityRepositoryTest, Inflexion2.Framework.Testing, Version=1.0.0.0, Culture=neutral, PublicKeyToken=null" name="TestMethod1" />
    </UnitTest>
  </TestDefinitions>
  <TestLists>
    <TestList name="Results Not in a List" id="8c84fa94-04c1-424b-9868-57a2d4851a1d" />
    <TestList name="All Loaded Results" id="19431567-8539-422a-85d7-44ee4e166bda" />
  </TestLists>
  <TestEntries>
    <TestEntry testId="ad63a5e7-2d1f-83a1-b231-28a3cac58048" executionId="3c72d132-82c9-45be-a08c-aaac2df82f18" testListId="8c84fa94-04c1-424b-9868-57a2d4851a1d" />
  </TestEntries>
  <Results>
    <UnitTestResult executionId="3c72d132-82c9-45be-a08c-aaac2df82f18" testId="ad63a5e7-2d1f-83a1-b231-28a3cac58048" testName="TestMethod1" computerName="ICINETICJHB" duration="00:00:00.0109423" startTime="2014-04-21T23:10:21.0271750+02:00" endTime="2014-04-21T23:10:21.3382103+02:00" testType="13cdc9d9-ddb5-4fa4-a97d-d965ccfc6d4b" outcome="Passed" testListId="8c84fa94-04c1-424b-9868-57a2d4851a1d" relativeResultsDirectory="3c72d132-82c9-45be-a08c-aaac2df82f18">
    </UnitTestResult>
  </Results>
</TestRun>